// Jest Snapshot v1, https://goo.gl/fbAQLP

exports[`Button_hasControl@desktop client environment должен вернуть полный шаблон компонента (snapshot) 1`] = `
<button
  autocomplete="off"
  class="Button2"
  type="button"
/>
`;

exports[`Button_hasControl@desktop server environment должен вернуть полный шаблон компонента (snapshot) 1`] = `
<button
  autocomplete="off"
  class="Button2"
  type="button"
/>
`;

exports[`Button_hasControl@touch-pad client environment должен вернуть полный шаблон компонента (snapshot) 1`] = `
<button
  autocomplete="off"
  class="Button2"
  type="button"
/>
`;

exports[`Button_hasControl@touch-pad server environment должен вернуть полный шаблон компонента (snapshot) 1`] = `
<button
  autocomplete="off"
  class="Button2"
  type="button"
/>
`;

exports[`Button_hasControl@touch-phone client environment должен вернуть полный шаблон компонента (snapshot) 1`] = `
<button
  autocomplete="off"
  class="Button2"
  type="button"
/>
`;

exports[`Button_hasControl@touch-phone server environment должен вернуть полный шаблон компонента (snapshot) 1`] = `
<button
  autocomplete="off"
  class="Button2"
  type="button"
/>
`;
