// Jest Snapshot v1, https://goo.gl/fbAQLP

exports[`Tooltip@desktop должен вернуть полный шаблон компонента (snapshot) 1`] = `
<body>
  <div />
  <div
    class="Popup2 Popup2_visible Popup2_target_anchor Popup2_view_default Tooltip Tooltip_visible"
    style="top: -9999px; left: -9999px; position: fixed;"
  >
    <div
      class="Tooltip-Content"
      role="tooltip"
    >
      Добавить в избранное
    </div>
    <div
      class="Tooltip-Backdrop"
    />
  </div>
</body>
`;

exports[`Tooltip@touch-pad должен вернуть полный шаблон компонента (snapshot) 1`] = `
<body>
  <div />
  <div
    class="Popup2 Popup2_visible Popup2_target_anchor Popup2_view_default Tooltip Tooltip_visible"
    style="top: -9999px; left: -9999px; position: fixed;"
  >
    <div
      class="Tooltip-Content"
      role="tooltip"
    >
      Добавить в избранное
    </div>
    <div
      class="Tooltip-Backdrop"
    />
  </div>
</body>
`;

exports[`Tooltip@touch-phone должен вернуть полный шаблон компонента (snapshot) 1`] = `
<body>
  <div />
  <div
    class="Popup2 Popup2_visible Popup2_target_anchor Popup2_view_default Tooltip Tooltip_visible"
    style="top: -9999px; left: -9999px; position: fixed;"
  >
    <div
      class="Tooltip-Content"
      role="tooltip"
    >
      Добавить в избранное
    </div>
    <div
      class="Tooltip-Backdrop"
    />
  </div>
</body>
`;
