// Jest Snapshot v1, https://goo.gl/fbAQLP

exports[`Dropdown@desktop должен вернуть полный шаблон компонента (snapshot) 1`] = `
<span
  class="Dropdown"
>
  <button />
</span>
`;

exports[`Dropdown@touch-pad должен вернуть полный шаблон компонента (snapshot) 1`] = `
<span
  class="Dropdown"
>
  <button />
</span>
`;

exports[`Dropdown@touch-phone должен вернуть полный шаблон компонента (snapshot) 1`] = `
<span
  class="Dropdown"
>
  <button />
</span>
`;
