// Jest Snapshot v1, https://goo.gl/fbAQLP

exports[`Modal@desktop client environment должен вернуть полный шаблон компонента (snapshot) 1`] = `
<Modal
  className="mix"
  visible={true}
>
  <Portal
    visible={true}
  >
    <Portal
      containerInfo={
        <body
          style="overflow: hidden; overflow-x: hidden; overflow-y: hidden;"
        >
          <div
            class="Modal Modal_visible Modal_hasAnimation mix"
          >
            <div
              class="Modal-Overlay"
            />
            <div
              class="Modal-Wrapper"
            >
              <div
                class="Modal-Table"
              >
                <div
                  class="Modal-Cell Modal-Cell_align_middle"
                >
                  <span
                    aria-hidden="true"
                    data-focus-trap-guard="true"
                    style="width: 1px; height: 0px; padding: 0px; overflow: hidden; position: fixed; top: 1px; left: 1px;"
                    tabindex="1"
                  />
                  <div
                    aria-modal="true"
                    class="Modal-Content"
                    role="dialog"
                    tabindex="-1"
                  >
                    content
                  </div>
                  <span
                    aria-hidden="true"
                    data-focus-trap-guard="true"
                    style="width: 1px; height: 0px; padding: 0px; overflow: hidden; position: fixed; top: 1px; left: 1px;"
                    tabindex="0"
                  />
                </div>
              </div>
            </div>
          </div>
        </body>
      }
    >
      <div
        className="Modal Modal_visible Modal_hasAnimation mix"
        style={
          Object {
            "zIndex": undefined,
          }
        }
      >
        <div
          className="Modal-Overlay"
        />
        <div
          className="Modal-Wrapper"
        >
          <div
            className="Modal-Table"
          >
            <div
              className="Modal-Cell Modal-Cell_align_middle"
            >
              <div
                aria-modal={true}
                className="Modal-Content"
                role="dialog"
                tabIndex={-1}
              >
                content
              </div>
            </div>
          </div>
        </div>
      </div>
    </Portal>
  </Portal>
</Modal>
`;

exports[`Modal@desktop server environment должен вернуть полный шаблон компонента (snapshot) 1`] = `null`;

exports[`Modal@touch-pad client environment должен вернуть полный шаблон компонента (snapshot) 1`] = `
<Modal
  className="mix"
  visible={true}
>
  <Portal
    visible={true}
  >
    <Portal
      containerInfo={
        <body
          style="overflow: hidden; overflow-x: hidden; overflow-y: hidden;"
        >
          <div
            class="Modal Modal_visible Modal_hasAnimation mix"
          >
            <div
              class="Modal-Overlay"
            />
            <div
              class="Modal-Wrapper"
            >
              <div
                class="Modal-Table"
              >
                <div
                  class="Modal-Cell Modal-Cell_align_middle"
                >
                  <span
                    aria-hidden="true"
                    data-focus-trap-guard="true"
                    style="width: 1px; height: 0px; padding: 0px; overflow: hidden; position: fixed; top: 1px; left: 1px;"
                    tabindex="1"
                  />
                  <div
                    aria-modal="true"
                    class="Modal-Content"
                    role="dialog"
                    tabindex="-1"
                  >
                    content
                  </div>
                  <span
                    aria-hidden="true"
                    data-focus-trap-guard="true"
                    style="width: 1px; height: 0px; padding: 0px; overflow: hidden; position: fixed; top: 1px; left: 1px;"
                    tabindex="0"
                  />
                </div>
              </div>
            </div>
          </div>
        </body>
      }
    >
      <div
        className="Modal Modal_visible Modal_hasAnimation mix"
        style={
          Object {
            "zIndex": undefined,
          }
        }
      >
        <div
          className="Modal-Overlay"
        />
        <div
          className="Modal-Wrapper"
        >
          <div
            className="Modal-Table"
          >
            <div
              className="Modal-Cell Modal-Cell_align_middle"
            >
              <div
                aria-modal={true}
                className="Modal-Content"
                role="dialog"
                tabIndex={-1}
              >
                content
              </div>
            </div>
          </div>
        </div>
      </div>
    </Portal>
  </Portal>
</Modal>
`;

exports[`Modal@touch-pad server environment должен вернуть полный шаблон компонента (snapshot) 1`] = `null`;

exports[`Modal@touch-phone client environment должен вернуть полный шаблон компонента (snapshot) 1`] = `
<Modal
  className="mix"
  visible={true}
>
  <Portal
    visible={true}
  >
    <Portal
      containerInfo={
        <body
          style="overflow: hidden; overflow-x: hidden; overflow-y: hidden;"
        >
          <div
            class="Modal Modal_visible Modal_hasAnimation mix"
          >
            <div
              class="Modal-Overlay"
            />
            <div
              class="Modal-Wrapper"
            >
              <div
                class="Modal-Table"
              >
                <div
                  class="Modal-Cell Modal-Cell_align_middle"
                >
                  <span
                    aria-hidden="true"
                    data-focus-trap-guard="true"
                    style="width: 1px; height: 0px; padding: 0px; overflow: hidden; position: fixed; top: 1px; left: 1px;"
                    tabindex="1"
                  />
                  <div
                    aria-modal="true"
                    class="Modal-Content"
                    role="dialog"
                    tabindex="-1"
                  >
                    content
                  </div>
                  <span
                    aria-hidden="true"
                    data-focus-trap-guard="true"
                    style="width: 1px; height: 0px; padding: 0px; overflow: hidden; position: fixed; top: 1px; left: 1px;"
                    tabindex="0"
                  />
                </div>
              </div>
            </div>
          </div>
        </body>
      }
    >
      <div
        className="Modal Modal_visible Modal_hasAnimation mix"
        style={
          Object {
            "zIndex": undefined,
          }
        }
      >
        <div
          className="Modal-Overlay"
        />
        <div
          className="Modal-Wrapper"
        >
          <div
            className="Modal-Table"
          >
            <div
              className="Modal-Cell Modal-Cell_align_middle"
            >
              <div
                aria-modal={true}
                className="Modal-Content"
                role="dialog"
                tabIndex={-1}
              >
                content
              </div>
            </div>
          </div>
        </div>
      </div>
    </Portal>
  </Portal>
</Modal>
`;

exports[`Modal@touch-phone server environment должен вернуть полный шаблон компонента (snapshot) 1`] = `null`;
