// Jest Snapshot v1, https://goo.gl/fbAQLP

exports[`ListTiles client environment должен вернуть полный шаблон компонента (snapshot) 1`] = `
<div
  class="ListTile mix"
>
  <div
    class="ListTile-Wrapper"
  >
    Text
  </div>
</div>
`;

exports[`ListTiles server environment должен вернуть полный шаблон компонента (snapshot) 1`] = `
<div
  class="ListTile mix"
>
  <div
    class="ListTile-Wrapper"
  >
    Text
  </div>
</div>
`;
