// Jest Snapshot v1, https://goo.gl/fbAQLP

exports[`Menu@desktop должен вернуть полный шаблон компонента (snapshot) 1`] = `
<div
  aria-multiselectable="false"
  class="Menu mix"
>
  <div
    class="Menu-Group"
    role="group"
  >
    <div
      aria-hidden="true"
      class="Menu-Title"
    >
      test1
    </div>
    <div
      aria-selected="false"
      class="Menu-Item Menu-Item_type_menuitem"
      data-key="item-0"
      id="item-id-1"
      role="menuitem"
    >
      <span
        class="Menu-Text"
      >
        Тест1
      </span>
    </div>
    <div
      aria-selected="false"
      class="Menu-Item Menu-Item_type_menuitem"
      data-key="item-1"
      id="item-id-2"
      role="menuitem"
    >
      <span
        class="Menu-Text"
      >
        Тест2
      </span>
    </div>
  </div>
  <div
    aria-selected="false"
    class="Menu-Item Menu-Item_type_menuitem"
    data-key="item-2"
    id="item-id-3"
    role="menuitem"
  >
    <span
      class="Menu-Text"
    >
      test2
    </span>
  </div>
</div>
`;

exports[`Menu@touch-pad должен вернуть полный шаблон компонента (snapshot) 1`] = `
<div
  aria-multiselectable="false"
  class="Menu mix"
>
  <div
    class="Menu-Group"
    role="group"
  >
    <div
      aria-hidden="true"
      class="Menu-Title"
    >
      test1
    </div>
    <div
      aria-selected="false"
      class="Menu-Item Menu-Item_type_menuitem"
      data-key="item-0"
      id="item-id-1"
      role="menuitem"
    >
      <span
        class="Menu-Text"
      >
        Тест1
      </span>
    </div>
    <div
      aria-selected="false"
      class="Menu-Item Menu-Item_type_menuitem"
      data-key="item-1"
      id="item-id-2"
      role="menuitem"
    >
      <span
        class="Menu-Text"
      >
        Тест2
      </span>
    </div>
  </div>
  <div
    aria-selected="false"
    class="Menu-Item Menu-Item_type_menuitem"
    data-key="item-2"
    id="item-id-3"
    role="menuitem"
  >
    <span
      class="Menu-Text"
    >
      test2
    </span>
  </div>
</div>
`;

exports[`Menu@touch-phone должен вернуть полный шаблон компонента (snapshot) 1`] = `
<div
  aria-multiselectable="false"
  class="Menu mix"
>
  <div
    class="Menu-Group"
    role="group"
  >
    <div
      aria-hidden="true"
      class="Menu-Title"
    >
      test1
    </div>
    <div
      aria-selected="false"
      class="Menu-Item Menu-Item_type_menuitem"
      data-key="item-0"
      id="item-id-1"
      role="menuitem"
    >
      <span
        class="Menu-Text"
      >
        Тест1
      </span>
    </div>
    <div
      aria-selected="false"
      class="Menu-Item Menu-Item_type_menuitem"
      data-key="item-1"
      id="item-id-2"
      role="menuitem"
    >
      <span
        class="Menu-Text"
      >
        Тест2
      </span>
    </div>
  </div>
  <div
    aria-selected="false"
    class="Menu-Item Menu-Item_type_menuitem"
    data-key="item-2"
    id="item-id-3"
    role="menuitem"
  >
    <span
      class="Menu-Text"
    >
      test2
    </span>
  </div>
</div>
`;
