// Jest Snapshot v1, https://goo.gl/fbAQLP

exports[`Divider@desktop client environment должен вернуть полный шаблон компонента (snapshot) 1`] = `
<div
  class="Divider mix"
>
  <span
    class="Divider-Line"
    style="height:1px"
  />
</div>
`;

exports[`Divider@desktop server environment должен вернуть полный шаблон компонента (snapshot) 1`] = `
<div
  class="Divider mix"
>
  <span
    class="Divider-Line"
    style="height:1px"
  />
</div>
`;

exports[`Divider@touch-pad client environment должен вернуть полный шаблон компонента (snapshot) 1`] = `
<div
  class="Divider mix"
>
  <span
    class="Divider-Line"
    style="height:1px"
  />
</div>
`;

exports[`Divider@touch-pad server environment должен вернуть полный шаблон компонента (snapshot) 1`] = `
<div
  class="Divider mix"
>
  <span
    class="Divider-Line"
    style="height:1px"
  />
</div>
`;

exports[`Divider@touch-phone client environment должен вернуть полный шаблон компонента (snapshot) 1`] = `
<div
  class="Divider mix"
>
  <span
    class="Divider-Line"
    style="height:1px"
  />
</div>
`;

exports[`Divider@touch-phone server environment должен вернуть полный шаблон компонента (snapshot) 1`] = `
<div
  class="Divider mix"
>
  <span
    class="Divider-Line"
    style="height:1px"
  />
</div>
`;
