// Jest Snapshot v1, https://goo.gl/fbAQLP

exports[`Textarea@desktop client environment должен вернуть полный шаблон компонента (snapshot) 1`] = `
<span
  class="Textarea mix"
>
  <span
    class="Textarea-Wrap"
  >
    <textarea
      aria-invalid="false"
      class="Textarea-Control"
    />
    <span
      class="Textarea-Box"
    />
  </span>
</span>
`;

exports[`Textarea@desktop server environment должен вернуть полный шаблон компонента (snapshot) 1`] = `
<span
  class="Textarea mix"
>
  <span
    class="Textarea-Wrap"
  >
    <textarea
      aria-invalid="false"
      class="Textarea-Control"
    />
    <span
      class="Textarea-Box"
    />
  </span>
</span>
`;

exports[`Textarea@touch-pad client environment должен вернуть полный шаблон компонента (snapshot) 1`] = `
<span
  class="Textarea mix"
>
  <span
    class="Textarea-Wrap"
  >
    <textarea
      aria-invalid="false"
      class="Textarea-Control"
    />
    <span
      class="Textarea-Box"
    />
  </span>
</span>
`;

exports[`Textarea@touch-pad server environment должен вернуть полный шаблон компонента (snapshot) 1`] = `
<span
  class="Textarea mix"
>
  <span
    class="Textarea-Wrap"
  >
    <textarea
      aria-invalid="false"
      class="Textarea-Control"
    />
    <span
      class="Textarea-Box"
    />
  </span>
</span>
`;

exports[`Textarea@touch-phone client environment должен вернуть полный шаблон компонента (snapshot) 1`] = `
<span
  class="Textarea mix"
>
  <span
    class="Textarea-Wrap"
  >
    <textarea
      aria-invalid="false"
      class="Textarea-Control"
    />
    <span
      class="Textarea-Box"
    />
  </span>
</span>
`;

exports[`Textarea@touch-phone server environment должен вернуть полный шаблон компонента (snapshot) 1`] = `
<span
  class="Textarea mix"
>
  <span
    class="Textarea-Wrap"
  >
    <textarea
      aria-invalid="false"
      class="Textarea-Control"
    />
    <span
      class="Textarea-Box"
    />
  </span>
</span>
`;
