// Jest Snapshot v1, https://goo.gl/fbAQLP

exports[`Slider should render correctly 1`] = `
<div>
  <div
    class="Slider Slider_withTickValues"
  >
    <div
      class="Slider-Container"
    >
      <div
        class="Slider-Track"
      >
        <div
          class="Slider-Range"
          style="left: 0%; right: 100%;"
        />
        <div
          aria-valuenow="0"
          class="Slider-Handle"
          style="transform: translate(NaNpx, NaNpx);"
        >
          <button
            aria-disabled="false"
            aria-valuemax="100"
            aria-valuemin="0"
            aria-valuenow="0"
            class="Slider-Thumb"
            role="slider"
            tabindex="0"
            type="button"
          />
        </div>
      </div>
      <div
        class="Slider-Ticks"
      >
        <span
          class="Slider-Tick Slider-Tick_visible"
        >
          <span
            class="Slider-TickLabel"
          >
            0
          </span>
        </span>
        <span
          class="Slider-Tick Slider-Tick_visible"
        />
        <span
          class="Slider-Tick Slider-Tick_visible"
        />
        <span
          class="Slider-Tick Slider-Tick_visible"
        />
        <span
          class="Slider-Tick Slider-Tick_visible"
        >
          <span
            class="Slider-TickLabel"
          >
            100
          </span>
        </span>
      </div>
    </div>
  </div>
</div>
`;
